mode: set
github.com/nean/aerosmart-gateway/cmd/main.go:27.13,31.2 3 0
github.com/nean/aerosmart-gateway/cmd/main.go:33.13,36.17 2 0
github.com/nean/aerosmart-gateway/cmd/main.go:36.17,39.3 2 0
github.com/nean/aerosmart-gateway/cmd/main.go:42.2,43.16 2 0
github.com/nean/aerosmart-gateway/cmd/main.go:43.16,46.3 2 0
github.com/nean/aerosmart-gateway/cmd/main.go:49.2,50.16 2 0
github.com/nean/aerosmart-gateway/cmd/main.go:50.16,53.3 2 0
github.com/nean/aerosmart-gateway/cmd/main.go:56.2,66.70 4 0
github.com/nean/aerosmart-gateway/cmd/main.go:66.70,68.3 1 0
github.com/nean/aerosmart-gateway/cmd/main.go:68.8,70.3 1 0
github.com/nean/aerosmart-gateway/cmd/main.go:71.2,71.38 1 0
github.com/nean/aerosmart-gateway/cmd/main.go:71.38,73.3 1 0
github.com/nean/aerosmart-gateway/cmd/main.go:73.8,75.3 1 0
github.com/nean/aerosmart-gateway/cmd/main.go:78.2,88.12 6 0
github.com/nean/aerosmart-gateway/cmd/main.go:88.12,96.10 4 0
github.com/nean/aerosmart-gateway/cmd/main.go:97.20,99.10 1 0
github.com/nean/aerosmart-gateway/cmd/main.go:100.38,103.14 2 0
github.com/nean/aerosmart-gateway/cmd/main.go:108.2,127.203 3 0
github.com/nean/aerosmart-gateway/cmd/main.go:127.203,130.3 2 0
github.com/nean/aerosmart-gateway/cmd/main.go:131.2,148.195 5 0
github.com/nean/aerosmart-gateway/cmd/main.go:148.195,152.3 3 0
github.com/nean/aerosmart-gateway/cmd/main.go:153.2,156.35 2 0
github.com/nean/aerosmart-gateway/cmd/main.go:156.35,160.3 3 0
github.com/nean/aerosmart-gateway/cmd/main.go:163.2,173.26 5 0
github.com/nean/aerosmart-gateway/cmd/main.go:173.26,175.37 2 0
github.com/nean/aerosmart-gateway/cmd/main.go:175.37,176.42 1 0
github.com/nean/aerosmart-gateway/cmd/main.go:176.42,178.56 2 0
github.com/nean/aerosmart-gateway/cmd/main.go:178.56,180.6 1 0
github.com/nean/aerosmart-gateway/cmd/main.go:182.4,182.63 1 0
github.com/nean/aerosmart-gateway/cmd/main.go:182.63,184.5 1 0
github.com/nean/aerosmart-gateway/cmd/main.go:189.2,194.12 4 0
github.com/nean/aerosmart-gateway/cmd/main.go:194.12,202.7 5 0
github.com/nean/aerosmart-gateway/cmd/main.go:202.7,203.11 1 0
github.com/nean/aerosmart-gateway/cmd/main.go:204.22,208.11 3 0
github.com/nean/aerosmart-gateway/cmd/main.go:209.20,211.55 1 0
github.com/nean/aerosmart-gateway/cmd/main.go:211.55,213.6 1 0
github.com/nean/aerosmart-gateway/cmd/main.go:219.2,228.43 4 0
github.com/nean/aerosmart-gateway/cmd/main.go:228.43,230.3 1 0
github.com/nean/aerosmart-gateway/cmd/main.go:232.2,232.39 1 0
github.com/nean/aerosmart-gateway/cmd/main.go:236.170,238.52 2 0
github.com/nean/aerosmart-gateway/cmd/main.go:238.52,240.10 1 0
github.com/nean/aerosmart-gateway/cmd/main.go:241.21,242.67 1 0
github.com/nean/aerosmart-gateway/cmd/main.go:243.11,243.11 0 0
github.com/nean/aerosmart-gateway/cmd/main.go:246.3,247.17 2 0
github.com/nean/aerosmart-gateway/cmd/main.go:247.17,249.4 1 0
github.com/nean/aerosmart-gateway/cmd/main.go:251.3,254.29 2 0
github.com/nean/aerosmart-gateway/cmd/main.go:254.29,258.11 3 0
github.com/nean/aerosmart-gateway/cmd/main.go:259.22,260.81 1 0
github.com/nean/aerosmart-gateway/cmd/main.go:261.29,261.29 0 0
github.com/nean/aerosmart-gateway/cmd/main.go:265.2,265.79 1 0
github.com/nean/aerosmart-gateway/cmd/main.go:269.166,271.52 2 0
github.com/nean/aerosmart-gateway/cmd/main.go:271.52,273.10 1 0
github.com/nean/aerosmart-gateway/cmd/main.go:274.21,275.65 1 0
github.com/nean/aerosmart-gateway/cmd/main.go:276.11,276.11 0 0
github.com/nean/aerosmart-gateway/cmd/main.go:279.3,280.17 2 0
github.com/nean/aerosmart-gateway/cmd/main.go:280.17,282.4 1 0
github.com/nean/aerosmart-gateway/cmd/main.go:284.3,287.29 2 0
github.com/nean/aerosmart-gateway/cmd/main.go:287.29,291.11 3 0
github.com/nean/aerosmart-gateway/cmd/main.go:292.22,293.79 1 0
github.com/nean/aerosmart-gateway/cmd/main.go:294.29,294.29 0 0
github.com/nean/aerosmart-gateway/cmd/main.go:298.2,298.79 1 0
github.com/nean/aerosmart-gateway/cmd/main.go:303.115,306.31 2 0
github.com/nean/aerosmart-gateway/cmd/main.go:306.31,308.3 1 0
github.com/nean/aerosmart-gateway/cmd/main.go:311.2,311.35 1 0
github.com/nean/aerosmart-gateway/cmd/main.go:311.35,313.3 1 0
github.com/nean/aerosmart-gateway/cmd/main.go:316.2,316.23 1 0
github.com/nean/aerosmart-gateway/cmd/main.go:316.23,319.3 2 0
github.com/nean/aerosmart-gateway/cmd/main.go:321.2,321.55 1 0
github.com/nean/aerosmart-gateway/cmd/main.go:325.26,329.2 1 0
github.com/nean/aerosmart-gateway/cmd/main.go:331.128,335.52 2 0
github.com/nean/aerosmart-gateway/cmd/main.go:335.52,336.24 1 0
github.com/nean/aerosmart-gateway/cmd/main.go:336.24,337.12 1 0
github.com/nean/aerosmart-gateway/cmd/main.go:339.3,347.74 2 0
github.com/nean/aerosmart-gateway/cmd/main.go:347.74,349.4 1 0
github.com/nean/aerosmart-gateway/cmd/main.go:350.3,350.35 1 0
github.com/nean/aerosmart-gateway/cmd/main.go:354.2,354.53 1 0
github.com/nean/aerosmart-gateway/cmd/main.go:354.53,355.24 1 0
github.com/nean/aerosmart-gateway/cmd/main.go:355.24,356.12 1 0
github.com/nean/aerosmart-gateway/cmd/main.go:358.3,365.74 2 0
github.com/nean/aerosmart-gateway/cmd/main.go:365.74,367.4 1 0
github.com/nean/aerosmart-gateway/cmd/main.go:368.3,368.35 1 0
github.com/nean/aerosmart-gateway/internal/mqtt/client.go:37.61,43.2 1 0
github.com/nean/aerosmart-gateway/internal/mqtt/client.go:46.34,60.62 11 0
github.com/nean/aerosmart-gateway/internal/mqtt/client.go:60.62,65.3 4 0
github.com/nean/aerosmart-gateway/internal/mqtt/client.go:67.2,67.44 1 0
github.com/nean/aerosmart-gateway/internal/mqtt/client.go:67.44,72.3 4 0
github.com/nean/aerosmart-gateway/internal/mqtt/client.go:74.2,76.71 2 0
github.com/nean/aerosmart-gateway/internal/mqtt/client.go:76.71,78.3 1 0
github.com/nean/aerosmart-gateway/internal/mqtt/client.go:80.2,84.12 4 0
github.com/nean/aerosmart-gateway/internal/mqtt/client.go:88.31,89.21 1 0
github.com/nean/aerosmart-gateway/internal/mqtt/client.go:89.21,91.3 1 0
github.com/nean/aerosmart-gateway/internal/mqtt/client.go:92.2,94.15 3 0
github.com/nean/aerosmart-gateway/internal/mqtt/client.go:98.37,102.2 3 0
github.com/nean/aerosmart-gateway/internal/mqtt/client.go:105.60,106.22 1 0
github.com/nean/aerosmart-gateway/internal/mqtt/client.go:106.22,108.3 1 0
github.com/nean/aerosmart-gateway/internal/mqtt/client.go:110.2,111.42 2 0
github.com/nean/aerosmart-gateway/internal/mqtt/client.go:111.42,113.3 1 0
github.com/nean/aerosmart-gateway/internal/mqtt/client.go:115.2,115.12 1 0
github.com/nean/aerosmart-gateway/internal/mqtt/client.go:119.72,120.22 1 0
github.com/nean/aerosmart-gateway/internal/mqtt/client.go:120.22,122.3 1 0
github.com/nean/aerosmart-gateway/internal/mqtt/client.go:124.2,124.57 1 0
github.com/nean/aerosmart-gateway/internal/mqtt/client.go:124.57,126.3 1 0
github.com/nean/aerosmart-gateway/internal/mqtt/client.go:128.2,129.42 2 0
github.com/nean/aerosmart-gateway/internal/mqtt/client.go:129.42,131.3 1 0
github.com/nean/aerosmart-gateway/internal/mqtt/client.go:133.2,133.12 1 0
github.com/nean/aerosmart-gateway/internal/mqtt/client.go:137.83,138.31 1 0
github.com/nean/aerosmart-gateway/internal/mqtt/client.go:138.31,139.53 1 0
github.com/nean/aerosmart-gateway/internal/mqtt/client.go:139.53,141.4 1 0
github.com/nean/aerosmart-gateway/internal/mqtt/client.go:143.2,143.12 1 0
github.com/nean/aerosmart-gateway/internal/mqtt/client.go:166.71,170.16 3 0
github.com/nean/aerosmart-gateway/internal/mqtt/client.go:170.16,172.3 1 0
github.com/nean/aerosmart-gateway/internal/mqtt/client.go:174.2,174.39 1 0
github.com/nean/aerosmart-gateway/internal/mqtt/client.go:178.74,182.16 3 0
github.com/nean/aerosmart-gateway/internal/mqtt/client.go:182.16,184.3 1 0
github.com/nean/aerosmart-gateway/internal/mqtt/client.go:186.2,186.39 1 0
github.com/nean/aerosmart-gateway/internal/mqtt/client.go:190.90,197.2 1 0
github.com/nean/aerosmart-gateway/internal/mqtt/client.go:200.76,201.33 1 0
github.com/nean/aerosmart-gateway/internal/mqtt/client.go:201.33,202.59 1 0
github.com/nean/aerosmart-gateway/internal/mqtt/client.go:202.59,204.4 1 0
github.com/nean/aerosmart-gateway/internal/mqtt/client.go:205.3,205.35 1 0
github.com/nean/aerosmart-gateway/internal/mqtt/client.go:207.2,207.12 1 0
github.com/nean/aerosmart-gateway/internal/mqtt/client.go:211.77,212.30 1 0
github.com/nean/aerosmart-gateway/internal/mqtt/client.go:212.30,213.55 1 0
github.com/nean/aerosmart-gateway/internal/mqtt/client.go:213.55,215.4 1 0
github.com/nean/aerosmart-gateway/internal/mqtt/client.go:216.3,216.35 1 0
github.com/nean/aerosmart-gateway/internal/mqtt/client.go:218.2,218.12 1 0
github.com/nean/aerosmart-gateway/internal/mqtt/client.go:222.73,224.37 2 0
github.com/nean/aerosmart-gateway/internal/mqtt/client.go:224.37,225.31 1 0
github.com/nean/aerosmart-gateway/internal/mqtt/client.go:225.31,227.4 1 0
github.com/nean/aerosmart-gateway/internal/mqtt/client.go:229.2,229.15 1 0
github.com/nean/aerosmart-gateway/internal/mqtt/client.go:243.70,245.2 1 0
github.com/nean/aerosmart-gateway/internal/logger/logger.go:21.32,22.11 1 0
github.com/nean/aerosmart-gateway/internal/logger/logger.go:23.13,24.17 1 0
github.com/nean/aerosmart-gateway/internal/logger/logger.go:25.12,26.16 1 0
github.com/nean/aerosmart-gateway/internal/logger/logger.go:27.12,28.16 1 0
github.com/nean/aerosmart-gateway/internal/logger/logger.go:29.13,30.17 1 0
github.com/nean/aerosmart-gateway/internal/logger/logger.go:31.10,32.19 1 0
github.com/nean/aerosmart-gateway/internal/logger/logger.go:54.32,61.2 1 1
github.com/nean/aerosmart-gateway/internal/logger/logger.go:64.43,68.27 2 1
github.com/nean/aerosmart-gateway/internal/logger/logger.go:68.27,70.3 1 1
github.com/nean/aerosmart-gateway/internal/logger/logger.go:73.2,73.48 1 1
github.com/nean/aerosmart-gateway/internal/logger/logger.go:73.48,76.17 2 0
github.com/nean/aerosmart-gateway/internal/logger/logger.go:76.17,80.28 2 0
github.com/nean/aerosmart-gateway/internal/logger/logger.go:80.28,82.5 1 0
github.com/nean/aerosmart-gateway/internal/logger/logger.go:83.9,85.4 1 0
github.com/nean/aerosmart-gateway/internal/logger/logger.go:88.2,95.22 2 1
github.com/nean/aerosmart-gateway/internal/logger/logger.go:96.15,97.18 1 1
github.com/nean/aerosmart-gateway/internal/logger/logger.go:98.14,99.17 1 1
github.com/nean/aerosmart-gateway/internal/logger/logger.go:100.14,101.17 1 1
github.com/nean/aerosmart-gateway/internal/logger/logger.go:102.15,103.18 1 1
github.com/nean/aerosmart-gateway/internal/logger/logger.go:104.10,105.17 1 1
github.com/nean/aerosmart-gateway/internal/logger/logger.go:108.2,108.10 1 1
github.com/nean/aerosmart-gateway/internal/logger/logger.go:112.60,113.22 1 1
github.com/nean/aerosmart-gateway/internal/logger/logger.go:113.22,115.49 2 1
github.com/nean/aerosmart-gateway/internal/logger/logger.go:115.49,117.4 1 1
github.com/nean/aerosmart-gateway/internal/logger/logger.go:118.3,118.43 1 1
github.com/nean/aerosmart-gateway/internal/logger/logger.go:118.43,120.4 1 0
github.com/nean/aerosmart-gateway/internal/logger/logger.go:125.112,126.22 1 0
github.com/nean/aerosmart-gateway/internal/logger/logger.go:126.22,128.49 2 0
github.com/nean/aerosmart-gateway/internal/logger/logger.go:128.49,130.4 1 0
github.com/nean/aerosmart-gateway/internal/logger/logger.go:131.3,131.43 1 0
github.com/nean/aerosmart-gateway/internal/logger/logger.go:131.43,133.4 1 0
github.com/nean/aerosmart-gateway/internal/logger/logger.go:138.59,139.21 1 1
github.com/nean/aerosmart-gateway/internal/logger/logger.go:139.21,141.49 2 1
github.com/nean/aerosmart-gateway/internal/logger/logger.go:141.49,143.4 1 1
github.com/nean/aerosmart-gateway/internal/logger/logger.go:144.3,144.43 1 1
github.com/nean/aerosmart-gateway/internal/logger/logger.go:144.43,146.4 1 0
github.com/nean/aerosmart-gateway/internal/logger/logger.go:151.59,152.21 1 1
github.com/nean/aerosmart-gateway/internal/logger/logger.go:152.21,154.49 2 1
github.com/nean/aerosmart-gateway/internal/logger/logger.go:154.49,156.4 1 1
github.com/nean/aerosmart-gateway/internal/logger/logger.go:157.3,157.43 1 1
github.com/nean/aerosmart-gateway/internal/logger/logger.go:157.43,159.4 1 0
github.com/nean/aerosmart-gateway/internal/logger/logger.go:164.60,165.22 1 1
github.com/nean/aerosmart-gateway/internal/logger/logger.go:165.22,167.49 2 1
github.com/nean/aerosmart-gateway/internal/logger/logger.go:167.49,169.4 1 1
github.com/nean/aerosmart-gateway/internal/logger/logger.go:170.3,170.43 1 1
github.com/nean/aerosmart-gateway/internal/logger/logger.go:170.43,172.4 1 0
github.com/nean/aerosmart-gateway/internal/logger/logger.go:177.60,179.48 2 0
github.com/nean/aerosmart-gateway/internal/logger/logger.go:179.48,181.3 1 0
github.com/nean/aerosmart-gateway/internal/logger/logger.go:182.2,182.42 1 0
github.com/nean/aerosmart-gateway/internal/logger/logger.go:182.42,184.3 1 0
github.com/nean/aerosmart-gateway/internal/logger/logger.go:185.2,185.12 1 0
github.com/nean/aerosmart-gateway/internal/logger/logger.go:189.33,191.2 1 1
github.com/nean/aerosmart-gateway/internal/logger/logger.go:194.120,195.22 1 0
github.com/nean/aerosmart-gateway/internal/logger/logger.go:195.22,197.17 2 0
github.com/nean/aerosmart-gateway/internal/logger/logger.go:197.17,200.4 1 0
github.com/nean/aerosmart-gateway/internal/logger/logger.go:200.9,203.4 1 0
github.com/nean/aerosmart-gateway/internal/logger/logger.go:204.3,204.49 1 0
github.com/nean/aerosmart-gateway/internal/logger/logger.go:204.49,206.4 1 0
github.com/nean/aerosmart-gateway/internal/logger/logger.go:207.3,207.43 1 0
github.com/nean/aerosmart-gateway/internal/logger/logger.go:207.43,209.4 1 0
github.com/nean/aerosmart-gateway/internal/logger/logger.go:214.88,216.16 2 0
github.com/nean/aerosmart-gateway/internal/logger/logger.go:216.16,219.3 1 0
github.com/nean/aerosmart-gateway/internal/logger/logger.go:219.8,222.3 1 0
github.com/nean/aerosmart-gateway/internal/logger/logger.go:223.2,223.48 1 0
github.com/nean/aerosmart-gateway/internal/logger/logger.go:223.48,225.3 1 0
github.com/nean/aerosmart-gateway/internal/logger/logger.go:226.2,226.42 1 0
github.com/nean/aerosmart-gateway/internal/logger/logger.go:226.42,228.3 1 0
github.com/nean/aerosmart-gateway/internal/logger/logger.go:232.75,233.13 1 0
github.com/nean/aerosmart-gateway/internal/logger/logger.go:233.13,235.3 1 0
github.com/nean/aerosmart-gateway/internal/logger/logger.go:235.8,237.3 1 0
github.com/nean/aerosmart-gateway/internal/logger/logger.go:241.113,242.22 1 0
github.com/nean/aerosmart-gateway/internal/logger/logger.go:242.22,244.17 2 0
github.com/nean/aerosmart-gateway/internal/logger/logger.go:244.17,247.4 1 0
github.com/nean/aerosmart-gateway/internal/logger/logger.go:247.9,250.4 1 0
github.com/nean/aerosmart-gateway/internal/logger/logger.go:251.3,251.49 1 0
github.com/nean/aerosmart-gateway/internal/logger/logger.go:251.49,253.4 1 0
github.com/nean/aerosmart-gateway/internal/logger/logger.go:254.3,254.43 1 0
github.com/nean/aerosmart-gateway/internal/logger/logger.go:254.43,256.4 1 0
github.com/nean/aerosmart-gateway/internal/logger/logger.go:261.84,263.16 2 0
github.com/nean/aerosmart-gateway/internal/logger/logger.go:263.16,266.3 1 0
github.com/nean/aerosmart-gateway/internal/logger/logger.go:266.8,269.3 1 0
github.com/nean/aerosmart-gateway/internal/logger/logger.go:270.2,270.48 1 0
github.com/nean/aerosmart-gateway/internal/logger/logger.go:270.48,272.3 1 0
github.com/nean/aerosmart-gateway/internal/logger/logger.go:273.2,273.42 1 0
github.com/nean/aerosmart-gateway/internal/logger/logger.go:273.42,275.3 1 0
github.com/nean/aerosmart-gateway/internal/logger/logger.go:279.124,280.16 1 0
github.com/nean/aerosmart-gateway/internal/logger/logger.go:280.16,283.49 2 0
github.com/nean/aerosmart-gateway/internal/logger/logger.go:283.49,285.4 1 0
github.com/nean/aerosmart-gateway/internal/logger/logger.go:286.3,286.43 1 0
github.com/nean/aerosmart-gateway/internal/logger/logger.go:286.43,288.4 1 0
github.com/nean/aerosmart-gateway/internal/logger/logger.go:289.8,289.29 1 0
github.com/nean/aerosmart-gateway/internal/logger/logger.go:289.29,292.49 2 0
github.com/nean/aerosmart-gateway/internal/logger/logger.go:292.49,294.4 1 0
github.com/nean/aerosmart-gateway/internal/logger/logger.go:295.3,295.43 1 0
github.com/nean/aerosmart-gateway/internal/logger/logger.go:295.43,297.4 1 0
github.com/nean/aerosmart-gateway/internal/logger/logger.go:302.48,304.48 2 0
github.com/nean/aerosmart-gateway/internal/logger/logger.go:304.48,306.3 1 0
github.com/nean/aerosmart-gateway/internal/logger/logger.go:307.2,307.42 1 0
github.com/nean/aerosmart-gateway/internal/logger/logger.go:307.42,309.3 1 0
github.com/nean/aerosmart-gateway/internal/config/config.go:126.53,128.16 2 1
github.com/nean/aerosmart-gateway/internal/config/config.go:128.16,130.3 1 1
github.com/nean/aerosmart-gateway/internal/config/config.go:132.2,133.51 2 1
github.com/nean/aerosmart-gateway/internal/config/config.go:133.51,135.3 1 0
github.com/nean/aerosmart-gateway/internal/config/config.go:138.2,138.27 1 1
github.com/nean/aerosmart-gateway/internal/config/config.go:138.27,140.3 1 1
github.com/nean/aerosmart-gateway/internal/config/config.go:141.2,141.30 1 1
github.com/nean/aerosmart-gateway/internal/config/config.go:141.30,143.3 1 1
github.com/nean/aerosmart-gateway/internal/config/config.go:144.2,144.30 1 1
github.com/nean/aerosmart-gateway/internal/config/config.go:144.30,146.3 1 1
github.com/nean/aerosmart-gateway/internal/config/config.go:147.2,147.29 1 1
github.com/nean/aerosmart-gateway/internal/config/config.go:147.29,149.3 1 1
github.com/nean/aerosmart-gateway/internal/config/config.go:150.2,150.30 1 1
github.com/nean/aerosmart-gateway/internal/config/config.go:150.30,152.3 1 1
github.com/nean/aerosmart-gateway/internal/config/config.go:153.2,153.29 1 1
github.com/nean/aerosmart-gateway/internal/config/config.go:153.29,155.3 1 1
github.com/nean/aerosmart-gateway/internal/config/config.go:156.2,156.34 1 1
github.com/nean/aerosmart-gateway/internal/config/config.go:156.34,158.3 1 1
github.com/nean/aerosmart-gateway/internal/config/config.go:159.2,159.33 1 1
github.com/nean/aerosmart-gateway/internal/config/config.go:159.33,161.3 1 1
github.com/nean/aerosmart-gateway/internal/config/config.go:162.2,162.32 1 1
github.com/nean/aerosmart-gateway/internal/config/config.go:162.32,164.3 1 1
github.com/nean/aerosmart-gateway/internal/config/config.go:165.2,165.37 1 1
github.com/nean/aerosmart-gateway/internal/config/config.go:165.37,167.3 1 1
github.com/nean/aerosmart-gateway/internal/config/config.go:168.2,168.41 1 1
github.com/nean/aerosmart-gateway/internal/config/config.go:168.41,170.3 1 1
github.com/nean/aerosmart-gateway/internal/config/config.go:171.2,171.41 1 1
github.com/nean/aerosmart-gateway/internal/config/config.go:171.41,173.3 1 1
github.com/nean/aerosmart-gateway/internal/config/config.go:174.2,174.40 1 1
github.com/nean/aerosmart-gateway/internal/config/config.go:174.40,176.3 1 1
github.com/nean/aerosmart-gateway/internal/config/config.go:177.2,177.36 1 1
github.com/nean/aerosmart-gateway/internal/config/config.go:177.36,179.3 1 1
github.com/nean/aerosmart-gateway/internal/config/config.go:180.2,180.37 1 1
github.com/nean/aerosmart-gateway/internal/config/config.go:180.37,182.3 1 1
github.com/nean/aerosmart-gateway/internal/config/config.go:183.2,183.32 1 1
github.com/nean/aerosmart-gateway/internal/config/config.go:183.32,185.3 1 1
github.com/nean/aerosmart-gateway/internal/config/config.go:186.2,186.48 1 1
github.com/nean/aerosmart-gateway/internal/config/config.go:186.48,188.3 1 1
github.com/nean/aerosmart-gateway/internal/config/config.go:189.2,189.44 1 1
github.com/nean/aerosmart-gateway/internal/config/config.go:189.44,191.3 1 1
github.com/nean/aerosmart-gateway/internal/config/config.go:192.2,192.47 1 1
github.com/nean/aerosmart-gateway/internal/config/config.go:192.47,194.3 1 1
github.com/nean/aerosmart-gateway/internal/config/config.go:196.2,196.24 1 1
github.com/nean/aerosmart-gateway/internal/config/config.go:196.24,198.3 1 0
github.com/nean/aerosmart-gateway/internal/config/config.go:199.2,199.24 1 1
github.com/nean/aerosmart-gateway/internal/config/config.go:199.24,201.3 1 1
github.com/nean/aerosmart-gateway/internal/config/config.go:202.2,202.27 1 1
github.com/nean/aerosmart-gateway/internal/config/config.go:202.27,204.3 1 1
github.com/nean/aerosmart-gateway/internal/config/config.go:205.2,205.34 1 1
github.com/nean/aerosmart-gateway/internal/config/config.go:205.34,207.3 1 1
github.com/nean/aerosmart-gateway/internal/config/config.go:212.2,212.31 1 1
github.com/nean/aerosmart-gateway/internal/config/config.go:212.31,214.3 1 1
github.com/nean/aerosmart-gateway/internal/config/config.go:216.2,216.61 1 1
github.com/nean/aerosmart-gateway/internal/config/config.go:216.61,218.3 1 0
github.com/nean/aerosmart-gateway/internal/config/config.go:223.2,223.46 1 1
github.com/nean/aerosmart-gateway/internal/config/config.go:223.46,225.3 1 1
github.com/nean/aerosmart-gateway/internal/config/config.go:226.2,226.42 1 1
github.com/nean/aerosmart-gateway/internal/config/config.go:226.42,228.3 1 1
github.com/nean/aerosmart-gateway/internal/config/config.go:229.2,229.45 1 1
github.com/nean/aerosmart-gateway/internal/config/config.go:229.45,231.3 1 1
github.com/nean/aerosmart-gateway/internal/config/config.go:233.2,233.18 1 1
github.com/nean/aerosmart-gateway/internal/config/config.go:237.65,239.16 2 1
github.com/nean/aerosmart-gateway/internal/config/config.go:239.16,241.3 1 1
github.com/nean/aerosmart-gateway/internal/config/config.go:243.2,244.51 2 1
github.com/nean/aerosmart-gateway/internal/config/config.go:244.51,246.3 1 0
github.com/nean/aerosmart-gateway/internal/config/config.go:248.2,248.18 1 1
github.com/nean/aerosmart-gateway/internal/config/config.go:252.67,262.58 5 0
github.com/nean/aerosmart-gateway/internal/config/config.go:262.58,264.3 1 0
github.com/nean/aerosmart-gateway/internal/config/config.go:265.2,265.64 1 0
github.com/nean/aerosmart-gateway/internal/config/config.go:265.64,267.3 1 0
github.com/nean/aerosmart-gateway/internal/config/config.go:269.2,269.43 1 0
github.com/nean/aerosmart-gateway/internal/registers/derived.go:21.133,27.2 1 1
github.com/nean/aerosmart-gateway/internal/registers/derived.go:30.114,33.38 2 1
github.com/nean/aerosmart-gateway/internal/registers/derived.go:33.38,35.17 2 1
github.com/nean/aerosmart-gateway/internal/registers/derived.go:35.17,42.12 3 1
github.com/nean/aerosmart-gateway/internal/registers/derived.go:45.3,51.66 2 1
github.com/nean/aerosmart-gateway/internal/registers/derived.go:54.2,54.21 1 1
github.com/nean/aerosmart-gateway/internal/registers/derived.go:58.139,61.45 2 1
github.com/nean/aerosmart-gateway/internal/registers/derived.go:61.45,62.65 1 1
github.com/nean/aerosmart-gateway/internal/registers/derived.go:62.65,64.18 2 1
github.com/nean/aerosmart-gateway/internal/registers/derived.go:64.18,66.5 1 0
github.com/nean/aerosmart-gateway/internal/registers/derived.go:67.4,67.29 1 1
github.com/nean/aerosmart-gateway/internal/registers/derived.go:68.9,70.4 1 1
github.com/nean/aerosmart-gateway/internal/registers/derived.go:74.2,77.22 3 1
github.com/nean/aerosmart-gateway/internal/registers/derived.go:78.29,82.22 3 1
github.com/nean/aerosmart-gateway/internal/registers/derived.go:82.22,84.4 1 1
github.com/nean/aerosmart-gateway/internal/registers/derived.go:84.9,86.4 1 1
github.com/nean/aerosmart-gateway/internal/registers/derived.go:88.26,91.46 2 1
github.com/nean/aerosmart-gateway/internal/registers/derived.go:93.34,99.41 4 1
github.com/nean/aerosmart-gateway/internal/registers/derived.go:99.41,101.4 1 1
github.com/nean/aerosmart-gateway/internal/registers/derived.go:101.9,103.4 1 1
github.com/nean/aerosmart-gateway/internal/registers/derived.go:105.10,108.17 2 0
github.com/nean/aerosmart-gateway/internal/registers/derived.go:108.17,110.4 1 0
github.com/nean/aerosmart-gateway/internal/registers/derived.go:114.2,114.41 1 1
github.com/nean/aerosmart-gateway/internal/registers/derived.go:118.106,124.35 2 0
github.com/nean/aerosmart-gateway/internal/registers/derived.go:124.35,126.3 1 0
github.com/nean/aerosmart-gateway/internal/registers/derived.go:129.2,129.58 1 0
github.com/nean/aerosmart-gateway/internal/registers/derived.go:133.65,136.2 1 0
github.com/nean/aerosmart-gateway/internal/registers/derived.go:139.80,140.35 1 0
github.com/nean/aerosmart-gateway/internal/registers/derived.go:140.35,141.20 1 0
github.com/nean/aerosmart-gateway/internal/registers/derived.go:141.20,142.12 1 0
github.com/nean/aerosmart-gateway/internal/registers/derived.go:146.3,147.35 2 0
github.com/nean/aerosmart-gateway/internal/registers/derived.go:147.35,148.24 1 0
github.com/nean/aerosmart-gateway/internal/registers/derived.go:148.24,150.10 2 0
github.com/nean/aerosmart-gateway/internal/registers/derived.go:154.3,154.18 1 0
github.com/nean/aerosmart-gateway/internal/registers/derived.go:154.18,155.62 1 0
github.com/nean/aerosmart-gateway/internal/registers/derived.go:155.62,157.5 1 0
github.com/nean/aerosmart-gateway/internal/registers/derived.go:157.10,159.5 1 0
github.com/nean/aerosmart-gateway/internal/registers/derived.go:163.2,163.12 1 0
github.com/nean/aerosmart-gateway/internal/registers/derived.go:167.87,172.34 3 0
github.com/nean/aerosmart-gateway/internal/registers/derived.go:172.34,182.3 2 0
github.com/nean/aerosmart-gateway/internal/registers/derived.go:184.2,184.16 1 0
github.com/nean/aerosmart-gateway/internal/registers/reader.go:44.139,55.2 2 0
github.com/nean/aerosmart-gateway/internal/registers/reader.go:58.81,61.34 2 0
github.com/nean/aerosmart-gateway/internal/registers/reader.go:61.34,70.17 5 0
github.com/nean/aerosmart-gateway/internal/registers/reader.go:70.17,73.12 3 0
github.com/nean/aerosmart-gateway/internal/registers/reader.go:76.3,80.10 3 0
github.com/nean/aerosmart-gateway/internal/registers/reader.go:80.10,82.12 2 0
github.com/nean/aerosmart-gateway/internal/registers/reader.go:86.3,89.29 3 0
github.com/nean/aerosmart-gateway/internal/registers/reader.go:92.2,92.97 1 0
github.com/nean/aerosmart-gateway/internal/registers/reader.go:96.106,103.2 4 0
github.com/nean/aerosmart-gateway/internal/registers/reader.go:106.50,109.34 2 0
github.com/nean/aerosmart-gateway/internal/registers/reader.go:109.34,110.34 1 0
github.com/nean/aerosmart-gateway/internal/registers/reader.go:110.34,112.9 2 0
github.com/nean/aerosmart-gateway/internal/registers/reader.go:116.2,116.29 1 0
github.com/nean/aerosmart-gateway/internal/registers/reader.go:116.29,118.3 1 0
github.com/nean/aerosmart-gateway/internal/registers/reader.go:120.2,123.16 3 0
github.com/nean/aerosmart-gateway/internal/registers/reader.go:123.16,126.3 2 0
github.com/nean/aerosmart-gateway/internal/registers/reader.go:128.2,129.19 2 0
github.com/nean/aerosmart-gateway/internal/registers/reader.go:133.91,136.16 2 0
github.com/nean/aerosmart-gateway/internal/registers/reader.go:136.16,139.3 2 0
github.com/nean/aerosmart-gateway/internal/registers/reader.go:142.2,142.26 1 0
github.com/nean/aerosmart-gateway/internal/registers/reader.go:142.26,144.3 1 0
github.com/nean/aerosmart-gateway/internal/registers/reader.go:147.2,148.30 2 0
github.com/nean/aerosmart-gateway/internal/registers/reader.go:148.30,150.3 1 0
github.com/nean/aerosmart-gateway/internal/registers/reader.go:150.8,152.3 1 0
github.com/nean/aerosmart-gateway/internal/registers/reader.go:154.2,154.15 1 0
github.com/nean/aerosmart-gateway/internal/registers/reader.go:158.97,160.16 2 0
github.com/nean/aerosmart-gateway/internal/registers/reader.go:160.16,162.3 1 0
github.com/nean/aerosmart-gateway/internal/registers/reader.go:165.2,165.84 1 0
github.com/nean/aerosmart-gateway/internal/registers/reader.go:165.84,170.80 2 0
github.com/nean/aerosmart-gateway/internal/registers/reader.go:170.80,172.4 1 0
github.com/nean/aerosmart-gateway/internal/registers/reader.go:174.3,174.22 1 0
github.com/nean/aerosmart-gateway/internal/registers/reader.go:177.2,177.20 1 0
github.com/nean/aerosmart-gateway/internal/registers/reader.go:182.63,189.2 4 0
github.com/nean/aerosmart-gateway/internal/registers/reader.go:192.93,201.39 6 0
github.com/nean/aerosmart-gateway/internal/registers/reader.go:201.39,203.10 1 0
github.com/nean/aerosmart-gateway/internal/registers/reader.go:204.21,206.23 2 0
github.com/nean/aerosmart-gateway/internal/registers/reader.go:207.11,207.11 0 0
github.com/nean/aerosmart-gateway/internal/registers/reader.go:210.3,211.17 2 0
github.com/nean/aerosmart-gateway/internal/registers/reader.go:211.17,219.12 3 0
github.com/nean/aerosmart-gateway/internal/registers/reader.go:223.3,232.87 3 0
github.com/nean/aerosmart-gateway/internal/registers/reader.go:235.2,243.21 6 0
github.com/nean/aerosmart-gateway/internal/registers/reader.go:247.56,252.29 4 0
github.com/nean/aerosmart-gateway/internal/registers/reader.go:252.29,254.3 1 0
github.com/nean/aerosmart-gateway/internal/registers/reader.go:255.2,255.15 1 0
github.com/nean/aerosmart-gateway/internal/registers/reader.go:259.27,262.25 3 0
github.com/nean/aerosmart-gateway/internal/registers/reader.go:262.25,264.3 1 0
github.com/nean/aerosmart-gateway/internal/registers/reader.go:268.33,271.25 3 0
github.com/nean/aerosmart-gateway/internal/registers/reader.go:271.25,273.3 1 0
github.com/nean/aerosmart-gateway/internal/registers/reader.go:274.2,274.68 1 0
github.com/nean/aerosmart-gateway/internal/registers/reader.go:278.35,280.2 1 0
github.com/nean/aerosmart-gateway/internal/registers/reader.go:283.69,284.35 1 0
github.com/nean/aerosmart-gateway/internal/registers/reader.go:284.35,285.20 1 0
github.com/nean/aerosmart-gateway/internal/registers/reader.go:285.20,286.12 1 0
github.com/nean/aerosmart-gateway/internal/registers/reader.go:290.3,291.35 2 0
github.com/nean/aerosmart-gateway/internal/registers/reader.go:291.35,292.24 1 0
github.com/nean/aerosmart-gateway/internal/registers/reader.go:292.24,294.10 2 0
github.com/nean/aerosmart-gateway/internal/registers/reader.go:298.3,298.18 1 0
github.com/nean/aerosmart-gateway/internal/registers/reader.go:298.18,301.18 2 0
github.com/nean/aerosmart-gateway/internal/registers/reader.go:301.18,304.5 2 0
github.com/nean/aerosmart-gateway/internal/registers/reader.go:304.10,307.5 2 0
github.com/nean/aerosmart-gateway/internal/registers/reader.go:311.2,311.12 1 0
github.com/nean/aerosmart-gateway/internal/registers/reader.go:328.140,336.2 1 0
github.com/nean/aerosmart-gateway/internal/registers/reader.go:339.44,341.2 1 0
github.com/nean/aerosmart-gateway/internal/registers/reader.go:347.68,352.21 2 0
github.com/nean/aerosmart-gateway/internal/registers/reader.go:352.21,355.3 2 0
github.com/nean/aerosmart-gateway/internal/registers/reader.go:358.2,359.29 2 0
github.com/nean/aerosmart-gateway/internal/registers/reader.go:359.29,360.45 1 0
github.com/nean/aerosmart-gateway/internal/registers/reader.go:360.45,362.9 2 0
github.com/nean/aerosmart-gateway/internal/registers/reader.go:366.2,366.27 1 0
github.com/nean/aerosmart-gateway/internal/registers/reader.go:366.27,369.3 2 0
github.com/nean/aerosmart-gateway/internal/registers/reader.go:372.2,376.16 3 0
github.com/nean/aerosmart-gateway/internal/registers/reader.go:376.16,379.3 2 0
github.com/nean/aerosmart-gateway/internal/registers/reader.go:382.2,382.72 1 0
github.com/nean/aerosmart-gateway/internal/registers/reader.go:382.72,386.3 2 0
github.com/nean/aerosmart-gateway/internal/registers/reader.go:389.2,395.24 4 0
github.com/nean/aerosmart-gateway/internal/registers/reader.go:395.24,396.41 1 0
github.com/nean/aerosmart-gateway/internal/registers/reader.go:396.41,399.4 2 0
github.com/nean/aerosmart-gateway/internal/registers/reader.go:400.3,400.91 1 0
github.com/nean/aerosmart-gateway/internal/registers/reader.go:404.2,406.16 3 0
github.com/nean/aerosmart-gateway/internal/registers/reader.go:406.16,412.3 4 0
github.com/nean/aerosmart-gateway/internal/registers/reader.go:414.2,421.64 4 0
github.com/nean/aerosmart-gateway/internal/registers/reader.go:421.64,424.18 2 0
github.com/nean/aerosmart-gateway/internal/registers/reader.go:424.18,426.4 1 0
github.com/nean/aerosmart-gateway/internal/registers/reader.go:428.3,430.64 2 0
github.com/nean/aerosmart-gateway/internal/registers/reader.go:430.64,434.43 3 0
github.com/nean/aerosmart-gateway/internal/registers/reader.go:434.43,435.34 1 0
github.com/nean/aerosmart-gateway/internal/registers/reader.go:435.34,438.11 3 0
github.com/nean/aerosmart-gateway/internal/registers/reader.go:442.4,442.14 1 0
github.com/nean/aerosmart-gateway/internal/registers/reader.go:442.14,444.13 2 0
github.com/nean/aerosmart-gateway/internal/registers/reader.go:448.4,449.18 2 0
github.com/nean/aerosmart-gateway/internal/registers/reader.go:449.18,451.13 2 0
github.com/nean/aerosmart-gateway/internal/registers/reader.go:455.4,455.73 1 0
github.com/nean/aerosmart-gateway/internal/registers/reader.go:455.73,457.5 1 0
github.com/nean/aerosmart-gateway/internal/registers/reader.go:457.10,459.5 1 0
github.com/nean/aerosmart-gateway/internal/registers/reader.go:463.2,464.12 2 0
github.com/nean/aerosmart-gateway/internal/registers/reader.go:468.48,470.34 2 0
github.com/nean/aerosmart-gateway/internal/registers/reader.go:470.34,471.31 1 0
github.com/nean/aerosmart-gateway/internal/registers/reader.go:471.31,473.4 1 0
github.com/nean/aerosmart-gateway/internal/registers/reader.go:475.2,475.15 1 0
github.com/nean/aerosmart-gateway/internal/registers/reader.go:481.45,482.21 1 0
github.com/nean/aerosmart-gateway/internal/registers/reader.go:482.21,485.3 2 0
github.com/nean/aerosmart-gateway/internal/registers/reader.go:488.2,488.9 1 0
github.com/nean/aerosmart-gateway/internal/registers/reader.go:489.41,497.13 5 0
github.com/nean/aerosmart-gateway/internal/registers/reader.go:498.10,498.10 0 0
github.com/nean/aerosmart-gateway/internal/registers/reader.go:502.2,506.16 3 0
github.com/nean/aerosmart-gateway/internal/registers/reader.go:506.16,509.3 2 0
github.com/nean/aerosmart-gateway/internal/registers/reader.go:512.2,512.52 1 0
github.com/nean/aerosmart-gateway/internal/registers/reader.go:512.52,514.3 1 0
github.com/nean/aerosmart-gateway/internal/registers/reader.go:516.2,517.12 2 0
github.com/nean/aerosmart-gateway/internal/registers/reader.go:522.40,523.9 1 0
github.com/nean/aerosmart-gateway/internal/registers/reader.go:524.41,525.44 1 0
github.com/nean/aerosmart-gateway/internal/registers/reader.go:526.10,528.51 1 0
github.com/nean/aerosmart-gateway/internal/serial/listener.go:44.152,47.36 2 0
github.com/nean/aerosmart-gateway/internal/serial/listener.go:47.36,49.3 1 0
github.com/nean/aerosmart-gateway/internal/serial/listener.go:51.2,60.3 1 0
github.com/nean/aerosmart-gateway/internal/serial/listener.go:64.40,65.15 1 0
github.com/nean/aerosmart-gateway/internal/serial/listener.go:65.15,67.3 1 0
github.com/nean/aerosmart-gateway/internal/serial/listener.go:69.2,75.12 5 0
github.com/nean/aerosmart-gateway/internal/serial/listener.go:79.33,80.16 1 0
github.com/nean/aerosmart-gateway/internal/serial/listener.go:80.16,82.3 1 0
github.com/nean/aerosmart-gateway/internal/serial/listener.go:84.2,86.23 3 0
github.com/nean/aerosmart-gateway/internal/serial/listener.go:86.23,88.3 1 0
github.com/nean/aerosmart-gateway/internal/serial/listener.go:89.2,89.42 1 0
github.com/nean/aerosmart-gateway/internal/serial/listener.go:93.43,95.2 1 0
github.com/nean/aerosmart-gateway/internal/serial/listener.go:98.64,103.29 4 0
github.com/nean/aerosmart-gateway/internal/serial/listener.go:103.29,110.3 1 0
github.com/nean/aerosmart-gateway/internal/serial/listener.go:111.2,111.15 1 0
github.com/nean/aerosmart-gateway/internal/serial/listener.go:115.35,118.6 2 0
github.com/nean/aerosmart-gateway/internal/serial/listener.go:118.6,119.10 1 0
github.com/nean/aerosmart-gateway/internal/serial/listener.go:120.21,122.10 2 0
github.com/nean/aerosmart-gateway/internal/serial/listener.go:123.11,125.25 1 0
github.com/nean/aerosmart-gateway/internal/serial/listener.go:131.46,133.24 1 0
github.com/nean/aerosmart-gateway/internal/serial/listener.go:133.24,135.41 2 0
github.com/nean/aerosmart-gateway/internal/serial/listener.go:135.41,139.4 3 0
github.com/nean/aerosmart-gateway/internal/serial/listener.go:140.3,140.57 1 0
github.com/nean/aerosmart-gateway/internal/serial/listener.go:144.2,145.16 2 0
github.com/nean/aerosmart-gateway/internal/serial/listener.go:145.16,149.3 2 0
github.com/nean/aerosmart-gateway/internal/serial/listener.go:151.2,151.24 1 0
github.com/nean/aerosmart-gateway/internal/serial/listener.go:151.24,153.3 1 0
github.com/nean/aerosmart-gateway/internal/serial/listener.go:155.2,158.28 2 0
github.com/nean/aerosmart-gateway/internal/serial/listener.go:162.58,166.29 2 0
github.com/nean/aerosmart-gateway/internal/serial/listener.go:166.29,168.21 2 0
github.com/nean/aerosmart-gateway/internal/serial/listener.go:168.21,169.12 1 0
github.com/nean/aerosmart-gateway/internal/serial/listener.go:174.3,175.21 2 0
github.com/nean/aerosmart-gateway/internal/serial/listener.go:175.21,177.12 2 0
github.com/nean/aerosmart-gateway/internal/serial/listener.go:181.3,185.10 3 0
github.com/nean/aerosmart-gateway/internal/serial/listener.go:185.10,187.12 2 0
github.com/nean/aerosmart-gateway/internal/serial/listener.go:191.3,212.22 8 0
github.com/nean/aerosmart-gateway/internal/serial/listener.go:212.22,213.64 1 0
github.com/nean/aerosmart-gateway/internal/serial/listener.go:213.64,215.5 1 0
github.com/nean/aerosmart-gateway/internal/serial/listener.go:215.10,217.5 1 0
github.com/nean/aerosmart-gateway/internal/serial/listener.go:223.99,226.16 2 0
github.com/nean/aerosmart-gateway/internal/serial/listener.go:226.16,229.3 2 0
github.com/nean/aerosmart-gateway/internal/serial/listener.go:232.2,232.26 1 0
github.com/nean/aerosmart-gateway/internal/serial/listener.go:232.26,234.3 1 0
github.com/nean/aerosmart-gateway/internal/serial/listener.go:237.2,238.30 2 0
github.com/nean/aerosmart-gateway/internal/serial/listener.go:238.30,240.3 1 0
github.com/nean/aerosmart-gateway/internal/serial/listener.go:240.8,242.3 1 0
github.com/nean/aerosmart-gateway/internal/serial/listener.go:244.2,244.15 1 0
github.com/nean/aerosmart-gateway/internal/serial/listener.go:248.105,250.16 2 0
github.com/nean/aerosmart-gateway/internal/serial/listener.go:250.16,252.3 1 0
github.com/nean/aerosmart-gateway/internal/serial/listener.go:255.2,255.84 1 0
github.com/nean/aerosmart-gateway/internal/serial/listener.go:255.84,260.80 2 0
github.com/nean/aerosmart-gateway/internal/serial/listener.go:260.80,262.4 1 0
github.com/nean/aerosmart-gateway/internal/serial/listener.go:264.3,264.22 1 0
github.com/nean/aerosmart-gateway/internal/serial/listener.go:267.2,267.20 1 0
github.com/nean/aerosmart-gateway/internal/serial/serial.go:37.300,41.22 2 0
github.com/nean/aerosmart-gateway/internal/serial/serial.go:41.22,43.3 1 0
github.com/nean/aerosmart-gateway/internal/serial/serial.go:45.2,67.3 1 0
github.com/nean/aerosmart-gateway/internal/serial/serial.go:71.35,75.12 3 0
github.com/nean/aerosmart-gateway/internal/serial/serial.go:75.12,77.3 1 0
github.com/nean/aerosmart-gateway/internal/serial/serial.go:79.2,80.16 2 0
github.com/nean/aerosmart-gateway/internal/serial/serial.go:80.16,82.3 1 0
github.com/nean/aerosmart-gateway/internal/serial/serial.go:84.2,87.12 4 0
github.com/nean/aerosmart-gateway/internal/serial/serial.go:91.36,95.13 3 0
github.com/nean/aerosmart-gateway/internal/serial/serial.go:95.13,97.3 1 0
github.com/nean/aerosmart-gateway/internal/serial/serial.go:99.2,99.19 1 0
github.com/nean/aerosmart-gateway/internal/serial/serial.go:99.19,104.3 4 0
github.com/nean/aerosmart-gateway/internal/serial/serial.go:106.2,107.12 2 0
github.com/nean/aerosmart-gateway/internal/serial/serial.go:111.36,115.2 3 0
github.com/nean/aerosmart-gateway/internal/serial/serial.go:118.43,122.2 3 0
github.com/nean/aerosmart-gateway/internal/serial/serial.go:125.41,129.2 3 0
github.com/nean/aerosmart-gateway/internal/serial/serial.go:132.43,136.2 3 0
github.com/nean/aerosmart-gateway/internal/serial/serial.go:139.40,143.2 3 0
github.com/nean/aerosmart-gateway/internal/serial/serial.go:146.42,150.2 3 0
github.com/nean/aerosmart-gateway/internal/serial/serial.go:153.51,157.2 3 0
github.com/nean/aerosmart-gateway/internal/serial/serial.go:161.36,163.2 1 0
github.com/nean/aerosmart-gateway/internal/serial/serial.go:168.44,170.30 1 0
github.com/nean/aerosmart-gateway/internal/serial/serial.go:170.30,173.3 1 0
github.com/nean/aerosmart-gateway/internal/serial/serial.go:177.37,181.19 2 0
github.com/nean/aerosmart-gateway/internal/serial/serial.go:181.19,184.3 2 0
github.com/nean/aerosmart-gateway/internal/serial/serial.go:185.2,198.16 8 0
github.com/nean/aerosmart-gateway/internal/serial/serial.go:198.16,201.3 2 0
github.com/nean/aerosmart-gateway/internal/serial/serial.go:203.2,207.12 4 0
github.com/nean/aerosmart-gateway/internal/serial/serial.go:211.41,215.30 3 0
github.com/nean/aerosmart-gateway/internal/serial/serial.go:215.30,217.3 1 0
github.com/nean/aerosmart-gateway/internal/serial/serial.go:220.2,226.6 4 0
github.com/nean/aerosmart-gateway/internal/serial/serial.go:226.6,228.33 1 0
github.com/nean/aerosmart-gateway/internal/serial/serial.go:228.33,229.9 1 0
github.com/nean/aerosmart-gateway/internal/serial/serial.go:235.3,236.27 2 0
github.com/nean/aerosmart-gateway/internal/serial/serial.go:236.27,237.9 1 0
github.com/nean/aerosmart-gateway/internal/serial/serial.go:239.3,239.15 1 0
github.com/nean/aerosmart-gateway/internal/serial/serial.go:241.2,241.12 1 0
github.com/nean/aerosmart-gateway/internal/serial/serial.go:245.52,246.29 1 0
github.com/nean/aerosmart-gateway/internal/serial/serial.go:246.29,249.3 2 0
github.com/nean/aerosmart-gateway/internal/serial/serial.go:253.42,257.30 3 0
github.com/nean/aerosmart-gateway/internal/serial/serial.go:257.30,259.3 1 0
github.com/nean/aerosmart-gateway/internal/serial/serial.go:262.2,262.12 1 0
github.com/nean/aerosmart-gateway/internal/serial/serial.go:266.47,270.30 3 0
github.com/nean/aerosmart-gateway/internal/serial/serial.go:270.30,272.3 1 0
github.com/nean/aerosmart-gateway/internal/serial/serial.go:274.2,275.12 2 0
github.com/nean/aerosmart-gateway/internal/serial/serial.go:279.57,281.2 1 0
github.com/nean/aerosmart-gateway/internal/serial/serial.go:284.45,288.30 3 0
github.com/nean/aerosmart-gateway/internal/serial/serial.go:288.30,290.3 1 0
github.com/nean/aerosmart-gateway/internal/serial/serial.go:293.2,303.6 6 0
github.com/nean/aerosmart-gateway/internal/serial/serial.go:303.6,305.33 1 0
github.com/nean/aerosmart-gateway/internal/serial/serial.go:305.33,306.23 1 0
github.com/nean/aerosmart-gateway/internal/serial/serial.go:306.23,308.5 1 0
github.com/nean/aerosmart-gateway/internal/serial/serial.go:309.4,309.41 1 0
github.com/nean/aerosmart-gateway/internal/serial/serial.go:315.3,316.17 2 0
github.com/nean/aerosmart-gateway/internal/serial/serial.go:316.17,318.61 1 0
github.com/nean/aerosmart-gateway/internal/serial/serial.go:318.61,319.24 1 0
github.com/nean/aerosmart-gateway/internal/serial/serial.go:319.24,321.6 1 0
github.com/nean/aerosmart-gateway/internal/serial/serial.go:322.5,322.42 1 0
github.com/nean/aerosmart-gateway/internal/serial/serial.go:324.4,324.30 1 0
github.com/nean/aerosmart-gateway/internal/serial/serial.go:326.3,326.12 1 0
github.com/nean/aerosmart-gateway/internal/serial/serial.go:326.12,329.42 2 0
github.com/nean/aerosmart-gateway/internal/serial/serial.go:329.42,330.26 1 0
github.com/nean/aerosmart-gateway/internal/serial/serial.go:330.26,332.38 1 0
github.com/nean/aerosmart-gateway/internal/serial/serial.go:332.38,334.7 1 0
github.com/nean/aerosmart-gateway/internal/serial/serial.go:334.12,336.7 1 0
github.com/nean/aerosmart-gateway/internal/serial/serial.go:337.6,337.32 1 0
github.com/nean/aerosmart-gateway/internal/serial/serial.go:345.3,348.24 2 0
github.com/nean/aerosmart-gateway/internal/serial/serial.go:348.24,349.9 1 0
github.com/nean/aerosmart-gateway/internal/serial/serial.go:353.2,353.28 1 0
github.com/nean/aerosmart-gateway/internal/serial/serial.go:357.89,358.34 1 0
github.com/nean/aerosmart-gateway/internal/serial/serial.go:358.34,360.38 2 0
github.com/nean/aerosmart-gateway/internal/serial/serial.go:360.38,362.4 1 0
github.com/nean/aerosmart-gateway/internal/serial/serial.go:363.3,363.23 1 0
github.com/nean/aerosmart-gateway/internal/serial/serial.go:363.23,365.4 1 0
github.com/nean/aerosmart-gateway/internal/serial/serial.go:367.2,367.70 1 0
github.com/nean/aerosmart-gateway/internal/serial/serial.go:371.96,372.34 1 0
github.com/nean/aerosmart-gateway/internal/serial/serial.go:372.34,374.17 2 0
github.com/nean/aerosmart-gateway/internal/serial/serial.go:374.17,376.4 1 0
github.com/nean/aerosmart-gateway/internal/serial/serial.go:377.3,377.23 1 0
github.com/nean/aerosmart-gateway/internal/serial/serial.go:377.23,379.4 1 0
github.com/nean/aerosmart-gateway/internal/serial/serial.go:381.2,381.67 1 0
github.com/nean/aerosmart-gateway/internal/serial/serial.go:390.85,396.52 3 0
github.com/nean/aerosmart-gateway/internal/serial/serial.go:396.52,404.19 2 0
github.com/nean/aerosmart-gateway/internal/serial/serial.go:404.19,406.4 1 0
github.com/nean/aerosmart-gateway/internal/serial/serial.go:409.3,413.17 3 0
github.com/nean/aerosmart-gateway/internal/serial/serial.go:413.17,415.21 1 0
github.com/nean/aerosmart-gateway/internal/serial/serial.go:415.21,416.13 1 0
github.com/nean/aerosmart-gateway/internal/serial/serial.go:418.4,418.88 1 0
github.com/nean/aerosmart-gateway/internal/serial/serial.go:422.3,426.38 3 0
github.com/nean/aerosmart-gateway/internal/serial/serial.go:426.38,428.4 1 0
github.com/nean/aerosmart-gateway/internal/serial/serial.go:431.3,431.20 1 0
github.com/nean/aerosmart-gateway/internal/serial/serial.go:431.20,432.12 1 0
github.com/nean/aerosmart-gateway/internal/serial/serial.go:436.2,436.78 1 0
github.com/nean/aerosmart-gateway/internal/serial/serial.go:440.39,445.16 4 0
github.com/nean/aerosmart-gateway/internal/serial/serial.go:445.16,447.3 1 0
github.com/nean/aerosmart-gateway/internal/serial/serial.go:449.2,449.35 1 0
github.com/nean/aerosmart-gateway/internal/serial/serial.go:449.35,451.3 1 0
github.com/nean/aerosmart-gateway/internal/serial/serial.go:452.2,452.13 1 0
github.com/nean/aerosmart-gateway/internal/serial/serial.go:457.42,461.19 2 0
github.com/nean/aerosmart-gateway/internal/serial/serial.go:461.19,464.3 2 0
github.com/nean/aerosmart-gateway/internal/serial/serial.go:465.2,474.16 6 0
github.com/nean/aerosmart-gateway/internal/serial/serial.go:474.16,477.3 2 0
github.com/nean/aerosmart-gateway/internal/serial/serial.go:479.2,484.12 5 0
github.com/nean/aerosmart-gateway/internal/serial/serial.go:488.110,495.2 4 0
github.com/nean/aerosmart-gateway/internal/serial/serial.go:500.76,504.29 2 1
github.com/nean/aerosmart-gateway/internal/serial/serial.go:504.29,509.22 2 1
github.com/nean/aerosmart-gateway/internal/serial/serial.go:509.22,512.30 2 1
github.com/nean/aerosmart-gateway/internal/serial/serial.go:512.30,514.5 1 1
github.com/nean/aerosmart-gateway/internal/serial/serial.go:518.2,518.18 1 1
